scr0244.jpg - ООО "УК "МОЙ ДОМ" -- 644088, обл Омская, г Омск, ул 22 Апреля, д. 16А --- договор управления 22 апреля 16а.pdf ---- 23.11.2022
scr0245.jpg - договор управления 22 апреля 16а.pdf -- Электронная подпись оператора ГИС ЖКХ 03.10.2026 договор управления 22 апреля 16а.pdf.p7s
scr0246.jpg - Н

scr0262.jpg - АО "НАШ СЕРВИС" -- 644050, обл Омская, г Омск, ул 4-я Поселковая, д. 24, к. 2 --- Договор управления от 21.03.2022.pdf ---- 21.03.2022
scr0263.jpg - Договор управления от 21.03.2022.pdf -- Электронная подпись оператора ГИС ЖКХ 03.10.2026 Договор управления от 21.03.2022.pdf.p7s
scr0264.jpg - Н

scr0283.jpg - ООО "УЮТ-ЦЕНТР" -- 644110, обл Омская, г Омск, ул Малиновского, д. 13 --- Договор от управления 15.02.2022г Малиновского 13.pdf ---- 15.02.2022
scr0284.jpg - Договор от управления 15.02.2022г Малиновского 13.pdf -- Электронная подпись оператора ГИС ЖКХ 03.10.2026 Договор от управления 15.02.2022г Малиновского 13.pdf.p7s
scr0285.jpg - Н

scr0289.jpg - АО "НАШ СЕРВИС" -- 644053, обл Омская, г Омск, ул Магистральная, д. 53А --- Договор управления от 03.03.2023.pdf ---- 04.03.2023
scr0290.jpg - Договор управления от 03.03.2023.pdf -- Электронная подпись оператора ГИС ЖКХ 03.10.2026 Договор управления от 03.03.2023.pdf.p7s
scr0291.jpg - Н

scr0292.jpg - АО "НАШ СЕРВИС" -- 644053, обл Омская, г Омск, ул Магистральная, д. 56 --- Договор управления от 08.11.2023.pdf ---- 08.11.2023
scr0293.jpg - Договор управления от 08.11.2023.pdf -- Электронная подпись оператора ГИС ЖКХ 03.10.2026 Договор управления от 08.11.2023.pdf.p7s
scr0294.jpg - Н

scr0298.jpg - АО "НАШ СЕРВИС" -- 644053, обл Омская, г Омск, ул Магистральная, д. 60 --- Договор управления от 25.04.2024.pdf ---- 25.04.2024
scr0299.jpg - Договор управления от 25.04.2024.pdf -- Электронная подпись оператора ГИС ЖКХ 03.10.2026 Договор управления от 25.04.2024.pdf.p7s
scr0300.jpg - Н

scr0355.jpg - АО "НАШ СЕРВИС" -- 644088, обл Омская, г Омск, ул Энтузиастов, д. 11 --- Договор управления от 22.03.2022.pdf ---- 22.03.2022
scr0356.jpg - Договор управления от 22.03.2022.pdf -- Электронная подпись оператора ГИС ЖКХ 03.10.2026 Договор управления от 22.03.2022.pdf.p7s
scr0357.jpg - Н

scr0428.jpg - АО "НАШ СЕРВИС" -- 644100, обл Омская, г Омск, ул Белозерова, д. 2 --- Договор управления от 31.05.2022.pdf ---- 31.05.2022
scr0429.jpg - Договор управления от 31.05.2022.pdf -- Электронная подпись оператора ГИС ЖКХ 03.10.2026 Договор управления от 31.05.2022.pdf.p7s
scr0430.jpg - Н

scr0434.jpg - ООО "ВЕЖЛИВАЯ УК" -- 644100, обл Омская, г Омск, ул Белозерова, д. 8 --- Договор № 9_25У от 14.04.2025.pdf ---- 14.04.2025
scr0435.jpg - Договор № 9_25У от 14.04.2025.pdf -- Электронная подпись оператора ГИС ЖКХ 03.10.2026 Договор № 9_25У от 14.04.2025.pdf.p7s
scr0436.jpg - Н

scr0443.jpg - АО "НАШ СЕРВИС" -- 644045, обл Омская, г Омск, ул Волкова, д. 7 --- Договор управления от 14.03.2022.pdf ---- 14.03.2022
scr0444.jpg - Договор управления от 14.03.2022.pdf -- Электронная подпись оператора ГИС ЖКХ 03.10.2026 Договор управления от 14.03.2022.pdf.p7s
scr0445.jpg - Н

scr0504.jpg - АО "НАШ СЕРВИС" -- 644088, обл Омская, г Омск, ул 1-я Новостроевская, д. 2 --- Договор управления от 14.04.2022.pdf ---- 14.04.2022
scr0505.jpg - Договор управления от 14.04.2022.pdf -- Электронная подпись оператора ГИС ЖКХ 03.10.2026 Договор управления от 14.04.2022.pdf.p7s
scr0506.jpg - Н

scr0515.jpg - АО "НАШ СЕРВИС" -- 644090, обл Омская, г Омск, ул Бархатовой, д. 9 --- Договор управления от 14.01.2022.pdf ---- 30.12.2021
scr0516.jpg - Договор управления от 14.01.2022.pdf -- Электронная подпись оператора ГИС ЖКХ 03.10.2026 Договор управления от 14.01.2022.pdf.p7s
scr0517.jpg - Н

scr0536.jpg - ООО "УК "МОЙ ДОМ" -- 644100, обл Омская, г Омск, пр-кт Менделеева, д. 14 --- Договор.pdf ---- 12.03.2025
scr0537.jpg - Договор.pdf -- Электронная подпись оператора ГИС ЖКХ 03.10.2026 Договор.pdf.p7s
scr0538.jpg - Н

scr0539.jpg - АО "НАШ СЕРВИС" -- 644100, обл Омская, г Омск, пр-кт Менделеева, д. 16, к. 1 --- Договор управления от 18.01.2022.pdf ---- 18.01.2022
scr0540.jpg - Договор управления от 18.01.2022.pdf -- Электронная подпись оператора ГИС ЖКХ 03.10.2026 Договор управления от 18.01.2022.pdf.p7s
scr0541.jpg - Н

scr0600.jpg - ООО "УК ЕВРОДОМ" -- 644065, обл Омская, г Омск, ул 19 Партсъезда, д. 32А --- Договор управления №44-УМКД.ЕД.2023 от 30.10.2023 19 Партсъезда 32А.pdf ---- 30.10.2023
scr0601.jpg - Договор управления №44-УМКД.ЕД.2023 от 30.10.2023 19 Партсъезда 32А.pdf -- Электронная подпись оператора ГИС ЖКХ 03.10.2026 Договор управления №44-УМКД.ЕД.2023 от 30.10.2023 19 Партсъезда 32А.pdf.p7s
scr0602.jpg - Н

scr0606.jpg - АО "НАШ СЕРВИС" -- 644065, обл Омская, г Омск, ул 19 Партсъезда, д. 36 --- Договор управления от 26.01.2023.pdf ---- 25.01.2023
scr0607.jpg - Договор управления от 26.01.2023.pdf -- Электронная подпись оператора ГИС ЖКХ 03.10.2026 Договор управления от 26.01.2023.pdf.p7s
scr0608.jpg - Н

scr0609.jpg - АО "НАШ СЕРВИС" -- 644065, обл Омская, г Омск, ул 19 Партсъезда, д. 36А --- Договор управления от 16.03.2022.pdf ---- 16.03.2022
scr0610.jpg - Договор управления от 16.03.2022.pdf -- Электронная подпись оператора ГИС ЖКХ 03.10.2026 Договор управления от 16.03.2022.pdf.p7s
scr0611.jpg - Н

scr0688.jpg - ООО "КОМФОРТНЫЙ ДОМ" -- 644077, обл Омская, г Омск, ул Андрианова, д. 32 --- договор управления № ДУ_49 от 26.01.2023.pdf ---- 26.01.2023
scr0689.jpg - договор управления № ДУ_49 от 26.01.2023.pdf -- Электронная подпись оператора ГИС ЖКХ 03.10.2026 договор управления № ДУ_49 от 26.01.2023.pdf.p7s
scr0690.jpg - Н

scr0694.jpg - АО "НАШ СЕРВИС" -- 644077, обл Омская, г Омск, ул Андрианова, д. 38 --- Договор управления от 04.04.2022.pdf ---- 04.04.2022
scr0695.jpg - Договор управления от 04.04.2022.pdf -- Электронная подпись оператора ГИС ЖКХ 03.10.2026 Договор управления от 04.04.2022.pdf.p7s
scr0696.jpg - Н

scr0724.jpg - ООО "УК ЕВРО-1" -- 644053, обл Омская, г Омск, ул Нефтезаводская, д. 13А --- Договор № 74-УМКД.Е1.2022 от 20.05.22г..pdf ---- 20.05.2022
scr0725.jpg - Договор № 74-УМКД.Е1.2022 от 20.05.22г..pdf -- Электронная подпись оператора ГИС ЖКХ 03.10.2026 Договор № 74-УМКД.Е1.2022 от 20.05.22г..pdf.p7s
scr0726.jpg - Н

scr0748.jpg - АО "НАШ СЕРВИС" -- 644065, обл Омская, г Омск, ул Нефтезаводская, д. 30А --- Договор управления от 26.03.2022.pdf ---- 26.03.2022
scr0749.jpg - Договор управления от 26.03.2022.pdf -- Электронная подпись оператора ГИС ЖКХ 03.10.2026 Договор управления от 26.03.2022.pdf.p7s
scr0750.jpg - Н

scr0792.jpg - ООО "КОМФОРТНЫЙ ДОМ" -- 644029, обл Омская, г Омск, пр-кт Мира, д. 23 --- ДУ_63 от 07.04.2025.pdf ---- 07.04.2025
scr0793.jpg - ДУ_63 от 07.04.2025.pdf -- Электронная подпись оператора ГИС ЖКХ 03.10.2026 ДУ_63 от 07.04.2025.pdf.p7s
scr0794.jpg - Н

scr0822.jpg - АО "НАШ СЕРВИС" -- 644050, обл Омская, г Омск, пр-кт Мира, д. 36А --- Договор управления от 11.10.2022.pdf ---- 11.10.2022
scr0823.jpg - Договор управления от 11.10.2022.pdf -- Электронная подпись оператора ГИС ЖКХ 03.10.2026 Договор управления от 11.10.2022.pdf.p7s
scr0824.jpg - Н

scr0828.jpg - ООО УК "МАГНАТ-СЕРВИС" -- 644050, обл Омская, г Омск, пр-кт Мира, д. 38Б --- Договор управления Мира 38Б.PDF ---- 18.04.2025
scr0829.jpg - Договор управления Мира 38Б.PDF -- Электронная подпись оператора ГИС ЖКХ 03.10.2026 Договор управления Мира 38Б.PDF.p7s
scr0830.jpg - Н

scr0840.jpg - ООО "УК БЛАГО" -- 644029, обл Омская, г Омск, пр-кт Мира, д. 48 --- Договор Управления многоквартирным домом, Проспект Мира, д. 48.pdf ---- 02.02.2023
scr0841.jpg - Договор Управления многоквартирным домом, Проспект Мира, д. 48.pdf -- Электронная подпись оператора ГИС ЖКХ 03.10.2026 Договор Управления многоквартирным домом, Проспект Мира, д. 48.pdf.p7s
scr0842.jpg - Н

scr0844.jpg - АО "НАШ СЕРВИС" -- 644029, обл Омская, г Омск, пр-кт Мира, д. 56 --- Договор управления от 22.03.2022.pdf ---- 22.03.2022
scr0845.jpg - Договор управления от 22.03.2022.pdf -- Электронная подпись оператора ГИС ЖКХ 03.10.2026 Договор управления от 22.03.2022.pdf.p7s
scr0846.jpg - Н

scr0859.jpg - АО "НАШ СЕРВИС" -- 644077, обл Омская, г Омск, пр-кт Мира, д. 63 --- Договор управления от 14.03.2022.pdf ---- 14.03.2022
scr0860.jpg - Договор управления от 14.03.2022.pdf -- Электронная подпись оператора ГИС ЖКХ 03.10.2026 Договор управления от 14.03.2022.pdf.p7s
scr0861.jpg - Н

scr0889.jpg - АО "НАШ СЕРВИС" -- 644089, обл Омская, г Омск, пр-кт Мира, д. 100Б --- Договор управления от 21.03.2022.pdf ---- 21.03.2022
scr0890.jpg - Договор управления от 21.03.2022.pdf -- Электронная подпись оператора ГИС ЖКХ 03.10.2026 Договор управления от 21.03.2022.pdf.p7s
scr0891.jpg - Н

scr0904.jpg - АО "НАШ СЕРВИС" -- 644100, обл Омская, г Омск, ул Лаптева, д. 3 --- Договор управления от 27.06.2022.pdf ---- 27.06.2022
scr0905.jpg - Договор управления от 27.06.2022.pdf -- Электронная подпись оператора ГИС ЖКХ 03.10.2026 Договор управления от 27.06.2022.pdf.p7s
scr0906.jpg - Н

scr0973.jpg - ООО "УК ЕВРОЦЕНТР" -- 644045, обл Омская, г Омск, ул Блюхера, д. 30 --- Договор №36-УМКД-ЕЦ-2023 Блюхера,30 от 09.06.2023.pdf ---- 09.06.2023
scr0974.jpg - Договор №36-УМКД-ЕЦ-2023 Блюхера,30 от 09.06.2023.pdf -- Электронная подпись оператора ГИС ЖКХ 03.10.2026 Договор №36-УМКД-ЕЦ-2023 Блюхера,30 от 09.06.2023.pdf.p7s
scr0975.jpg - Н

scr0991.jpg - АО "НАШ СЕРВИС" -- 644100, обл Омская, г Омск, ул Сергея Тюленина, д. 3 --- Договор управления от 12.01.2022.pdf ---- 12.01.2022
scr0992.jpg - Договор управления от 12.01.2022.pdf -- Электронная подпись оператора ГИС ЖКХ 03.10.2026 Договор управления от 12.01.2022.pdf.p7s
scr0993.jpg - Н

scr1041.jpg - ООО "КОМФОРТНЫЙ ДОМ" -- 644029, обл Омская, г Омск, б-р А.Петухова, д. 3 --- Договор № ДУ_62 от 25.02.202.pdf ---- 25.02.2025
scr1042.jpg - Договор № ДУ_62 от 25.02.202.pdf -- Электронная подпись оператора ГИС ЖКХ 03.10.2026 Договор № ДУ_62 от 25.02.202.pdf.p7s
scr1043.jpg - Н

scr1044.jpg - АО "НАШ СЕРВИС" -- 644029, обл Омская, г Омск, ул Малунцева, д. 1 --- Договор управления от 04.08.2025.pdf ---- 04.08.2025
scr1045.jpg - Договор управления от 04.08.2025.pdf -- Электронная подпись оператора ГИС ЖКХ 03.10.2026 Договор управления от 04.08.2025.pdf.p7s
scr1046.jpg - Н

scr1047.jpg - АО "НАШ СЕРВИС" -- 644029, обл Омская, г Омск, ул Малунцева, д. 11А --- Договор от 06.11.24.pdf ---- 06.11.2024
scr1048.jpg - Договор от 06.11.24.pdf -- Электронная подпись оператора ГИС ЖКХ 03.10.2026 Договор от 06.11.24.pdf.p7s
scr1049.jpg - Н

scr1053.jpg - ООО "КОМФОРТНЫЙ ДОМ" -- 644029, обл Омская, г Омск, ул Малунцева, д. 17А --- Договор № ДУ_60 от 06.05.2024.pdf ---- 06.05.2024
scr1054.jpg - Договор № ДУ_60 от 06.05.2024.pdf -- Электронная подпись оператора ГИС ЖКХ 03.10.2026 Договор № ДУ_60 от 06.05.2024.pdf.p7s
scr1055.jpg - Н

scr1080.jpg - ООО "ВЕЖЛИВАЯ УК" -- 644045, обл Омская, г Омск, пр-кт Королева, д. 12Б --- Договор, приложения Королева 12Б.pdf ---- 16.06.2023
scr1081.jpg - Договор, приложения Королева 12Б.pdf -- Электронная подпись оператора ГИС ЖКХ 03.10.2026 Договор, приложения Королева 12Б.pdf.p7s
scr1082.jpg - Н

